// Vitest Snapshot v1, https://vitest.dev/guide/snapshot.html

exports[`codegen > string 1`] = `"return function render(_ctx,_cache){return 'hi'}"`;
